dist-vsefa/Login.tsx(115,27): error TS2554: Expected 7-8 arguments, but got 6.
dist/Login.tsx(32,27): error TS2554: Expected 7-8 arguments, but got 6.
student/QuizRoom.tsx(10,33): error TS2307: Cannot find module '../services/smartexService' or its corresponding type declarations.
